4,362,548행 · 간호사 936 x 약물 522 · 병동 42 · 누락률 9.29%  (8s)
  병동 미배정 5.1%

[base]
  real                   A +0.1286 · B +0.1353 · C +0.1458   (주효과 +0.0066 · 잠재 +0.0105)
  shuffle0               A +0.1286 · B +0.1277 · C +0.1259   (주효과 -0.0009 · 잠재 -0.0018)
  shuffle1               A +0.1286 · B +0.1278 · C +0.1262   (주효과 -0.0008 · 잠재 -0.0016)

[ward]
  real                   A +0.1293 · B +0.1355 · C +0.1460   (주효과 +0.0062 · 잠재 +0.0105)
  shuffle0               A +0.1293 · B +0.1284 · C +0.1266   (주효과 -0.0009 · 잠재 -0.0018)
  shuffle1               A +0.1293 · B +0.1285 · C +0.1269   (주효과 -0.0008 · 잠재 -0.0016)

[wardX]
  real                   A +0.1381 · B +0.1426 · C +0.1486   (주효과 +0.0045 · 잠재 +0.0060)
  shuffle0               A +0.1381 · B +0.1373 · C +0.1355   (주효과 -0.0008 · 잠재 -0.0018)
  shuffle1               A +0.1381 · B +0.1374 · C +0.1358   (주효과 -0.0007 · 잠재 -0.0016)

======================================================================
판              주효과        잠재         총       비      섞기잠재
base       +0.0075   +0.0122   +0.0197    1.63   -0.0017
ward       +0.0071   +0.0122   +0.0193    1.72   -0.0017
wardX      +0.0052   +0.0077   +0.0129    1.48   -0.0017

(385s)
