=== ALS 3번째 귀무 ===
[none] 캐시 사용 4,362,548행
[none] 4,362,548행 · 간호사 936 x 약물 522 · 셀 106,580 · 밀도 21.81% · 유효표본 15,908
  누락률 9.29%  (25s)

  shuffle2         A +0.1286 · B +0.1278 · C +0.1272   (주효과 -0.0008 · 잠재 -0.0005)  reliability/1/r5

==================================================================
[none] 순가치 — 주효과 +0.0075 · 잠재 +0.0113 · 총 +0.0189
  S  건전성  섞기 잠재 -0.0008 <= 0  통과
  R  필수    총 +0.0189 >= +0.010  통과
  Q2 핵심    잠재 +0.0113 >= +0.005  통과
  Q2b 핵심   잠재/주효과 1.51 >= 1.0  통과

저장: results/07_사전등록_none.csv  (361s)
=== ALS Hold Dose 제외 민감도 ===
[nohold] 4,350,871행 · 간호사 936 x 약물 521 · 셀 106,398 · 밀도 21.82% · 유효표본 15,911
  누락률 9.06%  (98s)

  real             A +0.1305 · B +0.1368 · C +0.1474   (주효과 +0.0063 · 잠재 +0.0106)  reliability/1/r20
  shuffle0         A +0.1305 · B +0.1297 · C +0.1290   (주효과 -0.0008 · 잠재 -0.0008)  reliability/1/r10
  shuffle1         A +0.1305 · B +0.1296 · C +0.1289   (주효과 -0.0009 · 잠재 -0.0007)  reliability/1/r5

==================================================================
[nohold] 순가치 — 주효과 +0.0071 · 잠재 +0.0113 · 총 +0.0185

저장: results/07_사전등록_nohold.csv  (1014s)
=== ALS Sliding Scale 포함 민감도 ===
[slide] 4,486,699행 · 간호사 939 x 약물 522 · 셀 106,665 · 밀도 21.76% · 유효표본 14,439
  누락률 11.78%  (97s)

  real             A +0.1804 · B +0.1856 · C +0.1953   (주효과 +0.0052 · 잠재 +0.0097)  reliability/1/r20
  shuffle0         A +0.1804 · B +0.1797 · C +0.1789   (주효과 -0.0007 · 잠재 -0.0008)  reliability/1/r10
  shuffle1         A +0.1804 · B +0.1797 · C +0.1782   (주효과 -0.0008 · 잠재 -0.0015)  reliability/1/r10

==================================================================
[slide] 순가치 — 주효과 +0.0059 · 잠재 +0.0108 · 총 +0.0168

저장: results/07_사전등록_slide.csv  (1023s)
=== 완료 ===
