[none] 캐시 사용 4,362,548행
[none] 4,362,548행 · 간호사 936 x 약물 522 · 셀 106,580 · 밀도 21.81% · 유효표본 15,908
  누락률 9.29%  (28s)

  [null_B seed 90] 입원 158,422 중 «원배정 그대로» 1.6% · 행 일치 31.6%
  blockswap0       A +0.1286 · B +0.1287 · C +0.1301   (주효과 +0.0001 · 잠재 +0.0014)  reliability/1/r20

==================================================================
[none] 순가치 — 주효과 +0.0075 · 잠재 +0.0113 · 총 +0.0189
  S  건전성  섞기 잠재 -0.0008 <= 0  통과
  R  필수    총 +0.0189 >= +0.010  통과
  Q2 핵심    잠재 +0.0113 >= +0.005  통과
  Q2b 핵심   잠재/주효과 1.51 >= 1.0  통과

저장: results/07_사전등록_none.csv  (357s)
[none] 캐시 사용 4,362,548행
[none] 4,362,548행 · 간호사 936 x 약물 522 · 셀 106,580 · 밀도 21.81% · 유효표본 15,908
  누락률 9.29%  (8s)

  [null_B seed 91] 입원 158,422 중 «원배정 그대로» 1.6% · 행 일치 31.8%
  blockswap1       A +0.1286 · B +0.1288 · C +0.1302   (주효과 +0.0002 · 잠재 +0.0014)  reliability/1/r20

==================================================================
[none] 순가치 — 주효과 +0.0075 · 잠재 +0.0113 · 총 +0.0189
  S  건전성  섞기 잠재 -0.0008 <= 0  통과
  R  필수    총 +0.0189 >= +0.010  통과
  Q2 핵심    잠재 +0.0113 >= +0.005  통과
  Q2b 핵심   잠재/주효과 1.51 >= 1.0  통과

저장: results/07_사전등록_none.csv  (336s)
=== 대안 귀무 완료 ===
