[conc] 시작 — 총 20단위 · 완료 0단위 · 예산 100000s
real      f0 A  BSS +0.13723  기록 +0.13675  차이 +0.00048  334s
real      f1 A  BSS +0.13881  기록 +0.13762  차이 +0.00119  331s
real      f2 A  BSS +0.14063  기록 +0.14064  차이 -0.00002  331s
real      f3 A  BSS +0.13151  기록 +0.13167  차이 -0.00016  317s
real      f4 A  BSS +0.13429  기록 +0.13370  차이 +0.00058  326s
shuffle0  f0 C  BSS +0.13494  기록 +0.13551  차이 -0.00057  395s
shuffle0  f1 C  BSS +0.13669  기록 +0.13770  차이 -0.00101  396s
shuffle0  f2 C  BSS +0.13874  기록 +0.13889  차이 -0.00016  400s
shuffle0  f3 C  BSS +0.12978  기록 +0.12916  차이 +0.00063  373s
shuffle0  f4 C  BSS +0.13253  기록 +0.13155  차이 +0.00098  394s
shuffle1  f0 C  BSS +0.13463  기록 +0.13475  차이 -0.00013  392s
shuffle1  f1 C  BSS +0.13691  기록 +0.13685  차이 +0.00006  392s
shuffle1  f2 C  BSS +0.13796  기록 +0.13849  차이 -0.00053  400s
shuffle1  f3 C  BSS +0.13037  기록 +0.12948  차이 +0.00089  390s
shuffle1  f4 C  BSS +0.13301  기록 +0.13157  차이 +0.00144  397s
shuffle2  f0 C  BSS +0.13489  기록 +0.13483  차이 +0.00006  404s
shuffle2  f1 C  BSS +0.13612  기록 +0.13566  차이 +0.00046  402s
shuffle2  f2 C  BSS +0.13824  기록 +0.13790  차이 +0.00035  390s
shuffle2  f3 C  BSS +0.13022  기록 +0.12976  차이 +0.00046  393s
shuffle2  f4 C  BSS +0.13223  기록 +0.13238  차이 -0.00015  397s
[conc] 20/20 단위 완료  (7596s)
=== 전 단위 완료 ===
